******************************************************************************
                  TI ARM Linker PC v20.2.1                     
******************************************************************************
>> Linked Mon Feb 15 11:55:03 2021

OUTPUT FILE NAME:   <Ethernet.out>
ENTRY POINT SYMBOL: "_c_int00_noargs"  address: 00003df9


MEMORY CONFIGURATION

         name            origin    length      used     unused   attr    fill
----------------------  --------  ---------  --------  --------  ----  --------
  FLASH                 00000000   00040000  0000408d  0003bf73  R  X
  SRAM                  20000000   00008000  0000101c  00006fe4  RW X


SEGMENT ALLOCATION MAP

run origin  load origin   length   init length attrs members
----------  ----------- ---------- ----------- ----- -------
00000000    00000000    00004090   00004090    r-x
  00000000    00000000    0000026c   0000026c    r-- .intvecs
  0000026c    0000026c    00003cf8   00003cf8    r-x .text
  00003f64    00003f64    00000101   00000101    r-- .const
  00004068    00004068    00000028   00000028    r-- .cinit
20000000    20000000    0000101c   00000000    rw-
  20000000    20000000    00001000   00000000    rw- .stack
  20001000    20001000    0000001c   00000000    rw- .data


SECTION ALLOCATION MAP

 output                                  attributes/
section   page    origin      length       input sections
--------  ----  ----------  ----------   ----------------
.intvecs   0    00000000    0000026c     
                  00000000    0000026c     tm4c123gh6pm_startup_ccs.obj (.intvecs)

.text      0    0000026c    00003cf8     
                  0000026c    000010d8     eth0.obj (.text)
                  00001344    00000a4e     rtsv7M4_T_le_v4SPD16_eabi.lib : _printfi.c.obj (.text:__TI_printfi)
                  00001d92    00000002                                   : div0.asm.obj (.text)
                  00001d94    000007c0     gpio.obj (.text)
                  00002554    0000038c     ethernet.obj (.text)
                  000028e0    00000270     rtsv7M4_T_le_v4SPD16_eabi.lib : _printfi.c.obj (.text:_pconv_a)
                  00002b50    000001d0                                   : _printfi.c.obj (.text:_pconv_g)
                  00002d20    000001b6                                   : fd_add_t2.asm.obj (.text)
                  00002ed6    00000002     --HOLE-- [fill = 0]
                  00002ed8    00000160     spi0.obj (.text)
                  00003038    0000013c     rtsv7M4_T_le_v4SPD16_eabi.lib : _printfi.c.obj (.text:_pconv_e)
                  00003174    00000136                                   : fd_div_t2.asm.obj (.text)
                  000032aa    00000002     --HOLE-- [fill = 0]
                  000032ac    00000124                                   : _printfi.c.obj (.text:fcvt)
                  000033d0    00000124     uart0.obj (.text)
                  000034f4    00000110     rtsv7M4_T_le_v4SPD16_eabi.lib : s_scalbn.c.obj (.text:scalbn)
                  00003604    000000fc                                   : fd_mul_t2.asm.obj (.text)
                  00003700    000000b1                                   : _printfi.c.obj (.text:_ltostr)
                  000037b1    00000001     --HOLE-- [fill = 0]
                  000037b2    0000009c                                   : memcpy_t2.asm.obj (.text)
                  0000384e    00000096                                   : ull_div_t2.asm.obj (.text)
                  000038e4    00000086                                   : fd_cmp_t2.asm.obj (.text:__aeabi_cdcmple)
                  0000396a    00000086                                   : fd_cmp_t2.asm.obj (.text:__aeabi_cdrcmple)
                  000039f0    0000007a                                   : memset_t2.asm.obj (.text)
                  00003a6a    0000006e                                   : _printfi.c.obj (.text:_mcpy)
                  00003ad8    00000068                                   : copy_decompress_lzss.c.obj (.text:decompress:lzss:__TI_decompress_lzss)
                  00003b40    00000064                                   : s_frexp.c.obj (.text:frexp)
                  00003ba4    00000056                                   : _printfi.c.obj (.text:_pconv_f)
                  00003bfa    00000054                                   : _ltoa.c.obj (.text:__TI_ltoa)
                  00003c4e    00000052                                   : _printfi.c.obj (.text:_ecpy)
                  00003ca0    0000004c                                   : atoi.c.obj (.text:atoi)
                  00003cec    00000048                                   : fd_toi_t2.asm.obj (.text)
                  00003d34    00000044                                   : autoinit.c.obj (.text:__TI_auto_init_nobinit_nopinit:__TI_auto_init_nobinit_nopinit)
                  00003d78    00000040                                   : sprintf.c.obj (.text:sprintf)
                  00003db8    0000003e                                   : _printfi.c.obj (.text:_fcpy)
                  00003df6    00000002     --HOLE-- [fill = 0]
                  00003df8    00000034                                   : boot_cortex_m.c.obj (.text:_c_int00_noargs:_c_int00_noargs)
                  00003e2c    0000002e                                   : i_tofd_t2.asm.obj (.text)
                  00003e5a    00000024     wait.obj (.text)
                  00003e7e    0000001c     rtsv7M4_T_le_v4SPD16_eabi.lib : memccpy.c.obj (.text:memccpy)
                  00003e9a    0000001a                                   : s_copysign.c.obj (.text:copysign)
                  00003eb4    00000018                                   : sprintf.c.obj (.text:_outs)
                  00003ecc    00000018                                   : strcmp.c.obj (.text:strcmp)
                  00003ee4    00000016                                   : strchr.c.obj (.text:strchr)
                  00003efa    00000014                                   : strlen.c.obj (.text:strlen)
                  00003f0e    00000012                                   : wcslen.c.obj (.text:wcslen)
                  00003f20    00000010     clock.obj (.text)
                  00003f30    0000000e     rtsv7M4_T_le_v4SPD16_eabi.lib : copy_decompress_none.c.obj (.text:decompress:none:__TI_decompress_none)
                  00003f3e    0000000c     tm4c123gh6pm_startup_ccs.obj (.text)
                  00003f4a    0000000a     rtsv7M4_T_le_v4SPD16_eabi.lib : sprintf.c.obj (.text:_outc)
                  00003f54    00000008                                   : errno.c.obj (.text:__aeabi_errno_addr)
                  00003f5c    00000004                                   : pre_init.c.obj (.text:_system_pre_init)
                  00003f60    00000004                                   : exit.c.obj (.text:abort:abort)

.const     0    00003f64    00000101     
                  00003f64    00000101     rtsv7M4_T_le_v4SPD16_eabi.lib : ctype.c.obj (.const:.string:_ctypes_)

.cinit     0    00004068    00000028     
                  00004068    00000018     (.cinit..data.load) [load image, compression = lzss]
                  00004080    00000008     (__TI_handler_table)
                  00004088    00000008     (__TI_cinit_table)

.init_array 
*          0    00000000    00000000     UNINITIALIZED

.data      0    20001000    0000001c     UNINITIALIZED
                  20001000    00000006     eth0.obj (.data:macAddress)
                  20001006    00000004     eth0.obj (.data)
                  2000100a    00000004     eth0.obj (.data:ipAddress)
                  2000100e    00000004     eth0.obj (.data:ipGwAddress)
                  20001012    00000004     eth0.obj (.data:ipSubnetMask)
                  20001016    00000002     --HOLE--
                  20001018    00000004     rtsv7M4_T_le_v4SPD16_eabi.lib : errno.c.obj (.data)

.stack     0    20000000    00001000     UNINITIALIZED
                  20000000    00000004     rtsv7M4_T_le_v4SPD16_eabi.lib : boot_cortex_m.c.obj (.stack)
                  20000004    00000ffc     --HOLE--

__llvm_prf_cnts 
*          0    20000000    00000000     UNINITIALIZED

MODULE SUMMARY

       Module                         code    ro data   rw data
       ------                         ----    -------   -------
    .\
       eth0.obj                       4312    0         22     
       gpio.obj                       1984    0         0      
       ethernet.obj                   908     0         0      
       tm4c123gh6pm_startup_ccs.obj   12      620       0      
       spi0.obj                       352     0         0      
       uart0.obj                      292     0         0      
       wait.obj                       36      0         0      
       clock.obj                      16      0         0      
    +--+------------------------------+-------+---------+---------+
       Total:                         7912    620       22     
                                                               
    E:\Program Files (x86)\Texas Insturments\CCS1010\ccs\tools\compiler\ti-cgt-arm_20.2.1.LTS\lib\rtsv7M4_T_le_v4SPD16_eabi.lib
       _printfi.c.obj                 4851    0         0      
       fd_add_t2.asm.obj              438     0         0      
       fd_div_t2.asm.obj              310     0         0      
       s_scalbn.c.obj                 272     0         0      
       fd_cmp_t2.asm.obj              268     0         0      
       ctype.c.obj                    0       257       0      
       fd_mul_t2.asm.obj              252     0         0      
       memcpy_t2.asm.obj              156     0         0      
       ull_div_t2.asm.obj             150     0         0      
       memset_t2.asm.obj              122     0         0      
       copy_decompress_lzss.c.obj     104     0         0      
       s_frexp.c.obj                  100     0         0      
       sprintf.c.obj                  98      0         0      
       _ltoa.c.obj                    84      0         0      
       atoi.c.obj                     76      0         0      
       fd_toi_t2.asm.obj              72      0         0      
       autoinit.c.obj                 68      0         0      
       boot_cortex_m.c.obj            52      0         0      
       i_tofd_t2.asm.obj              46      0         0      
       memccpy.c.obj                  28      0         0      
       s_copysign.c.obj               26      0         0      
       strcmp.c.obj                   24      0         0      
       strchr.c.obj                   22      0         0      
       strlen.c.obj                   20      0         0      
       wcslen.c.obj                   18      0         0      
       copy_decompress_none.c.obj     14      0         0      
       errno.c.obj                    8       0         4      
       exit.c.obj                     4       0         0      
       pre_init.c.obj                 4       0         0      
       div0.asm.obj                   2       0         0      
    +--+------------------------------+-------+---------+---------+
       Total:                         7689    257       4      
                                                               
       Stack:                         0       0         4096   
       Linker Generated:              0       40        0      
    +--+------------------------------+-------+---------+---------+
       Grand Total:                   15601   917       4122   


LINKER GENERATED COPY TABLES

__TI_cinit_table @ 00004088 records: 1, size/record: 8, table size: 8
	.data: load addr=00004068, load size=00000018 bytes, run addr=20001000, run size=0000001c bytes, compression=lzss


LINKER GENERATED HANDLER TABLE

__TI_handler_table @ 00004080 records: 2, size/record: 4, table size: 8
	index: 0, handler: __TI_decompress_lzss
	index: 1, handler: __TI_decompress_none


GLOBAL SYMBOLS: SORTED ALPHABETICALLY BY Name 

address   name                          
-------   ----                          
00003f61  C$$EXIT                       
00003f3f  ResetISR                      
20001000  __STACK_END                   
00001000  __STACK_SIZE                  
20000200  __STACK_TOP                   
00004088  __TI_CINIT_Base               
00004090  __TI_CINIT_Limit              
00004080  __TI_Handler_Table_Base       
00004088  __TI_Handler_Table_Limit      
00003d35  __TI_auto_init_nobinit_nopinit
00003ad9  __TI_decompress_lzss          
00003f31  __TI_decompress_none          
00003bfb  __TI_ltoa                     
ffffffff  __TI_pprof_out_hndl           
00001345  __TI_printfi                  
ffffffff  __TI_prof_data_size           
ffffffff  __TI_prof_data_start          
00000000  __TI_static_base__            
000038e5  __aeabi_cdcmpeq               
000038e5  __aeabi_cdcmple               
0000396b  __aeabi_cdrcmple              
00003ced  __aeabi_d2iz                  
00002d2b  __aeabi_dadd                  
00003175  __aeabi_ddiv                  
00003605  __aeabi_dmul                  
00002d21  __aeabi_dsub                  
00003f55  __aeabi_errno_addr            
00003e2d  __aeabi_i2d                   
00001d93  __aeabi_idiv0                 
00001d93  __aeabi_ldiv0                 
000039f1  __aeabi_memclr                
000039f1  __aeabi_memclr4               
000039f1  __aeabi_memclr8               
000037b3  __aeabi_memcpy                
000037b3  __aeabi_memcpy4               
000037b3  __aeabi_memcpy8               
000039f3  __aeabi_memset                
000039f3  __aeabi_memset4               
000039f3  __aeabi_memset8               
0000384f  __aeabi_uldivmod              
ffffffff  __binit__                     
ffffffff  __c_args__                    
UNDEFED   __mpu_init                    
20000000  __stack                       
20000000  __start___llvm_prf_cnts       
20000000  __stop___llvm_prf_cnts        
00003df9  _c_int00_noargs               
00003f64  _ctypes_                      
UNDEFED   _system_post_cinit            
00003f5d  _system_pre_init              
00003f61  abort                         
00003ca1  atoi                          
ffffffff  binit                         
00003e9b  copysign                      
00003e9b  copysignl                     
20001009  dhcpEnabled                   
000023c5  disablePinInterrupt           
000020fd  disablePinPulldown            
000020b5  disablePinPullup              
00001e51  disablePort                   
00002589  displayConnectionInfo         
000023a1  enablePinInterrupt            
000020d9  enablePinPulldown             
00002087  enablePinPullup               
00001d95  enablePort                    
20001018  errno                         
0000093d  etherCalcIpChecksum           
0000032b  etherClearReg                 
00000283  etherCsOff                    
0000026d  etherCsOn                     
000010e7  etherDisableDhcpMode          
000010df  etherEnableDhcpMode           
000010c9  etherGetId                    
00001159  etherGetIpAddress             
0000123d  etherGetIpGatewayAddress      
000011cb  etherGetIpSubnetMask          
000012b9  etherGetMacAddress            
000006a3  etherGetPacket                
00000efb  etherGetUdpData               
000010d5  etherIncId                    
00000477  etherInit                     
00000bd1  etherIsArpRequest             
00000659  etherIsDataAvailable          
000010ef  etherIsDhcpEnabled            
00000999  etherIsIp                     
00000a11  etherIsIpUnicast              
000010f5  etherIsIpValid                
0000063f  etherIsLinkUp                 
00000673  etherIsOverflow               
00000a75  etherIsPingRequest            
00000e53  etherIsUdp                    
00000795  etherPutPacket                
0000045f  etherReadMem                  
0000044d  etherReadMemStart             
0000046f  etherReadMemStop              
000003b3  etherReadPhy                  
000002c5  etherReadReg                  
00000d45  etherSendArpRequest           
00000c6f  etherSendArpResponse          
00000ac1  etherSendPingResponse         
00000f2d  etherSendUdpResponse          
0000035f  etherSetBank                  
00001121  etherSetIpAddress             
00001205  etherSetIpGatewayAddress      
00001193  etherSetIpSubnetMask          
00001277  etherSetMacAddress            
000002f7  etherSetReg                   
0000087b  etherSumWords                 
00000431  etherWriteMem                 
0000041f  etherWriteMemStart            
00000445  etherWriteMemStop             
0000037b  etherWritePhy                 
00000291  etherWriteReg                 
00003b41  frexp                         
00003b41  frexpl                        
00000000  g_pfnVectors                  
00000901  getEtherChecksum              
0000240f  getPinValue                   
000024c5  getPortValue                  
000034a3  getcUart0                     
00000975  htons                         
00002555  initEthernet                  
00002ed9  initSpi0                      
00003f21  initSystemClockTo40Mhz        
000033d1  initUart0                     
2000100a  ipAddress                     
2000100e  ipGwAddress                   
20001012  ipSubnetMask                  
000034b7  kbhitUart0                    
000034f5  ldexp                         
000034f5  ldexpl                        
20001000  macAddress                    
00002713  main                          
00003e7f  memccpy                       
000037b3  memcpy                        
000039f9  memset                        
20001006  nextPacketLsb                 
20001007  nextPacketMsb                 
0000345b  putcUart0                     
00003477  putsUart0                     
00003011  readSpi0Data                  
000034f5  scalbn                        
000034f5  scalbnl                       
00001fbb  selectPinAnalogInput          
00001f6d  selectPinDigitalInput         
000022d7  selectPinInterruptBothEdges   
00002287  selectPinInterruptFallingEdge 
0000232d  selectPinInterruptHighLevel   
00002367  selectPinInterruptLowLevel    
00002237  selectPinInterruptRisingEdge  
00001f1f  selectPinOpenDrainOutput      
00001ed1  selectPinPushPullOutput       
20001008  sequenceId                    
00002125  setPinAuxFunction             
0000200b  setPinCommitControl           
000023e9  setPinValue                   
00002441  setPortValue                  
00002f75  setSpi0BaudRate               
00002fab  setSpi0Mode                   
0000341b  setUart0BaudRate              
00003d79  sprintf                       
00003ee5  strchr                        
00003ecd  strcmp                        
00003efb  strlen                        
00003e5b  waitMicrosecond               
00003f0f  wcslen                        
00002ff9  writeSpi0Data                 


GLOBAL SYMBOLS: SORTED BY Symbol Address 

address   name                          
-------   ----                          
00000000  __TI_static_base__            
00000000  g_pfnVectors                  
0000026d  etherCsOn                     
00000283  etherCsOff                    
00000291  etherWriteReg                 
000002c5  etherReadReg                  
000002f7  etherSetReg                   
0000032b  etherClearReg                 
0000035f  etherSetBank                  
0000037b  etherWritePhy                 
000003b3  etherReadPhy                  
0000041f  etherWriteMemStart            
00000431  etherWriteMem                 
00000445  etherWriteMemStop             
0000044d  etherReadMemStart             
0000045f  etherReadMem                  
0000046f  etherReadMemStop              
00000477  etherInit                     
0000063f  etherIsLinkUp                 
00000659  etherIsDataAvailable          
00000673  etherIsOverflow               
000006a3  etherGetPacket                
00000795  etherPutPacket                
0000087b  etherSumWords                 
00000901  getEtherChecksum              
0000093d  etherCalcIpChecksum           
00000975  htons                         
00000999  etherIsIp                     
00000a11  etherIsIpUnicast              
00000a75  etherIsPingRequest            
00000ac1  etherSendPingResponse         
00000bd1  etherIsArpRequest             
00000c6f  etherSendArpResponse          
00000d45  etherSendArpRequest           
00000e53  etherIsUdp                    
00000efb  etherGetUdpData               
00000f2d  etherSendUdpResponse          
00001000  __STACK_SIZE                  
000010c9  etherGetId                    
000010d5  etherIncId                    
000010df  etherEnableDhcpMode           
000010e7  etherDisableDhcpMode          
000010ef  etherIsDhcpEnabled            
000010f5  etherIsIpValid                
00001121  etherSetIpAddress             
00001159  etherGetIpAddress             
00001193  etherSetIpSubnetMask          
000011cb  etherGetIpSubnetMask          
00001205  etherSetIpGatewayAddress      
0000123d  etherGetIpGatewayAddress      
00001277  etherSetMacAddress            
000012b9  etherGetMacAddress            
00001345  __TI_printfi                  
00001d93  __aeabi_idiv0                 
00001d93  __aeabi_ldiv0                 
00001d95  enablePort                    
00001e51  disablePort                   
00001ed1  selectPinPushPullOutput       
00001f1f  selectPinOpenDrainOutput      
00001f6d  selectPinDigitalInput         
00001fbb  selectPinAnalogInput          
0000200b  setPinCommitControl           
00002087  enablePinPullup               
000020b5  disablePinPullup              
000020d9  enablePinPulldown             
000020fd  disablePinPulldown            
00002125  setPinAuxFunction             
00002237  selectPinInterruptRisingEdge  
00002287  selectPinInterruptFallingEdge 
000022d7  selectPinInterruptBothEdges   
0000232d  selectPinInterruptHighLevel   
00002367  selectPinInterruptLowLevel    
000023a1  enablePinInterrupt            
000023c5  disablePinInterrupt           
000023e9  setPinValue                   
0000240f  getPinValue                   
00002441  setPortValue                  
000024c5  getPortValue                  
00002555  initEthernet                  
00002589  displayConnectionInfo         
00002713  main                          
00002d21  __aeabi_dsub                  
00002d2b  __aeabi_dadd                  
00002ed9  initSpi0                      
00002f75  setSpi0BaudRate               
00002fab  setSpi0Mode                   
00002ff9  writeSpi0Data                 
00003011  readSpi0Data                  
00003175  __aeabi_ddiv                  
000033d1  initUart0                     
0000341b  setUart0BaudRate              
0000345b  putcUart0                     
00003477  putsUart0                     
000034a3  getcUart0                     
000034b7  kbhitUart0                    
000034f5  ldexp                         
000034f5  ldexpl                        
000034f5  scalbn                        
000034f5  scalbnl                       
00003605  __aeabi_dmul                  
000037b3  __aeabi_memcpy                
000037b3  __aeabi_memcpy4               
000037b3  __aeabi_memcpy8               
000037b3  memcpy                        
0000384f  __aeabi_uldivmod              
000038e5  __aeabi_cdcmpeq               
000038e5  __aeabi_cdcmple               
0000396b  __aeabi_cdrcmple              
000039f1  __aeabi_memclr                
000039f1  __aeabi_memclr4               
000039f1  __aeabi_memclr8               
000039f3  __aeabi_memset                
000039f3  __aeabi_memset4               
000039f3  __aeabi_memset8               
000039f9  memset                        
00003ad9  __TI_decompress_lzss          
00003b41  frexp                         
00003b41  frexpl                        
00003bfb  __TI_ltoa                     
00003ca1  atoi                          
00003ced  __aeabi_d2iz                  
00003d35  __TI_auto_init_nobinit_nopinit
00003d79  sprintf                       
00003df9  _c_int00_noargs               
00003e2d  __aeabi_i2d                   
00003e5b  waitMicrosecond               
00003e7f  memccpy                       
00003e9b  copysign                      
00003e9b  copysignl                     
00003ecd  strcmp                        
00003ee5  strchr                        
00003efb  strlen                        
00003f0f  wcslen                        
00003f21  initSystemClockTo40Mhz        
00003f31  __TI_decompress_none          
00003f3f  ResetISR                      
00003f55  __aeabi_errno_addr            
00003f5d  _system_pre_init              
00003f61  C$$EXIT                       
00003f61  abort                         
00003f64  _ctypes_                      
00004080  __TI_Handler_Table_Base       
00004088  __TI_CINIT_Base               
00004088  __TI_Handler_Table_Limit      
00004090  __TI_CINIT_Limit              
20000000  __stack                       
20000000  __start___llvm_prf_cnts       
20000000  __stop___llvm_prf_cnts        
20000200  __STACK_TOP                   
20001000  __STACK_END                   
20001000  macAddress                    
20001006  nextPacketLsb                 
20001007  nextPacketMsb                 
20001008  sequenceId                    
20001009  dhcpEnabled                   
2000100a  ipAddress                     
2000100e  ipGwAddress                   
20001012  ipSubnetMask                  
20001018  errno                         
ffffffff  __TI_pprof_out_hndl           
ffffffff  __TI_prof_data_size           
ffffffff  __TI_prof_data_start          
ffffffff  __binit__                     
ffffffff  __c_args__                    
ffffffff  binit                         
UNDEFED   __mpu_init                    
UNDEFED   _system_post_cinit            

[167 symbols]
