******************************************************************************
                  TI ARM Linker PC v20.2.1                     
******************************************************************************
>> Linked Mon Feb 22 17:07:21 2021

OUTPUT FILE NAME:   <IoT_Project_1.out>
ENTRY POINT SYMBOL: "_c_int00_noargs"  address: 000052dd


MEMORY CONFIGURATION

         name            origin    length      used     unused   attr    fill
----------------------  --------  ---------  --------  --------  ----  --------
  FLASH                 00000000   00040000  000056e5  0003a91b  R  X
  SRAM                  20000000   00008000  00001023  00006fdd  RW X


SEGMENT ALLOCATION MAP

run origin  load origin   length   init length attrs members
----------  ----------- ---------- ----------- ----- -------
00000000    00000000    000056e8   000056e8    r-x
  00000000    00000000    0000026c   0000026c    r-- .intvecs
  0000026c    0000026c    000051e0   000051e0    r-x .text
  0000544c    0000544c    00000259   00000259    r-- .const
  000056a8    000056a8    00000040   00000040    r-- .cinit
20000000    20000000    00001023   00000000    rw-
  20000000    20000000    00001000   00000000    rw- .stack
  20001000    20001000    00000022   00000000    rw- .data
  20001022    20001022    00000001   00000000    rw- .bss


SECTION ALLOCATION MAP

 output                                  attributes/
section   page    origin      length       input sections
--------  ----  ----------  ----------   ----------------
.intvecs   0    00000000    0000026c     
                  00000000    0000026c     tm4c123gh6pm_startup_ccs.obj (.intvecs)

.text      0    0000026c    000051e0     
                  0000026c    000010d8     eth0.obj (.text)
                  00001344    00000cb8     eeprom.obj (.text)
                  00001ffc    00000a4e     rtsv7M4_T_le_v4SPD16_eabi.lib : _printfi.c.obj (.text:__TI_printfi)
                  00002a4a    00000002                                   : div0.asm.obj (.text)
                  00002a4c    000007c0     gpio.obj (.text)
                  0000320c    000006a8     main.obj (.text)
                  000038b4    000002f0     Terminal_lnterface.obj (.text)
                  00003ba4    00000270     rtsv7M4_T_le_v4SPD16_eabi.lib : _printfi.c.obj (.text:_pconv_a)
                  00003e14    00000220     ethernet.obj (.text)
                  00004034    000001d0     rtsv7M4_T_le_v4SPD16_eabi.lib : _printfi.c.obj (.text:_pconv_g)
                  00004204    000001b6                                   : fd_add_t2.asm.obj (.text)
                  000043ba    00000002     --HOLE-- [fill = 0]
                  000043bc    00000160     spi0.obj (.text)
                  0000451c    0000013c     rtsv7M4_T_le_v4SPD16_eabi.lib : _printfi.c.obj (.text:_pconv_e)
                  00004658    00000136                                   : fd_div_t2.asm.obj (.text)
                  0000478e    00000002     --HOLE-- [fill = 0]
                  00004790    00000124                                   : _printfi.c.obj (.text:fcvt)
                  000048b4    00000124     uart0.obj (.text)
                  000049d8    00000110     rtsv7M4_T_le_v4SPD16_eabi.lib : s_scalbn.c.obj (.text:scalbn)
                  00004ae8    000000fc                                   : fd_mul_t2.asm.obj (.text)
                  00004be4    000000b1                                   : _printfi.c.obj (.text:_ltostr)
                  00004c95    00000001     --HOLE-- [fill = 0]
                  00004c96    0000009c                                   : memcpy_t2.asm.obj (.text)
                  00004d32    00000096                                   : ull_div_t2.asm.obj (.text)
                  00004dc8    00000086                                   : fd_cmp_t2.asm.obj (.text:__aeabi_cdcmple)
                  00004e4e    00000086                                   : fd_cmp_t2.asm.obj (.text:__aeabi_cdrcmple)
                  00004ed4    0000007a                                   : memset_t2.asm.obj (.text)
                  00004f4e    0000006e                                   : _printfi.c.obj (.text:_mcpy)
                  00004fbc    00000068                                   : copy_decompress_lzss.c.obj (.text:decompress:lzss:__TI_decompress_lzss)
                  00005024    00000064                                   : s_frexp.c.obj (.text:frexp)
                  00005088    00000056                                   : _printfi.c.obj (.text:_pconv_f)
                  000050de    00000054                                   : _ltoa.c.obj (.text:__TI_ltoa)
                  00005132    00000052                                   : _printfi.c.obj (.text:_ecpy)
                  00005184    0000004c                                   : atoi.c.obj (.text:atoi)
                  000051d0    00000048                                   : fd_toi_t2.asm.obj (.text)
                  00005218    00000044                                   : autoinit.c.obj (.text:__TI_auto_init_nobinit_nopinit:__TI_auto_init_nobinit_nopinit)
                  0000525c    00000040                                   : sprintf.c.obj (.text:sprintf)
                  0000529c    0000003e                                   : _printfi.c.obj (.text:_fcpy)
                  000052da    00000002     --HOLE-- [fill = 0]
                  000052dc    00000034                                   : boot_cortex_m.c.obj (.text:_c_int00_noargs:_c_int00_noargs)
                  00005310    0000002e                                   : i_tofd_t2.asm.obj (.text)
                  0000533e    00000024     wait.obj (.text)
                  00005362    0000001c     rtsv7M4_T_le_v4SPD16_eabi.lib : copy_zero_init.c.obj (.text:decompress:ZI:__TI_zero_init_nomemset:__TI_zero_init_nomemset)
                  0000537e    0000001c                                   : memccpy.c.obj (.text:memccpy)
                  0000539a    0000001a                                   : s_copysign.c.obj (.text:copysign)
                  000053b4    00000018                                   : sprintf.c.obj (.text:_outs)
                  000053cc    00000016                                   : strchr.c.obj (.text:strchr)
                  000053e2    00000014                                   : strlen.c.obj (.text:strlen)
                  000053f6    00000012                                   : wcslen.c.obj (.text:wcslen)
                  00005408    00000010     clock.obj (.text)
                  00005418    0000000e     rtsv7M4_T_le_v4SPD16_eabi.lib : copy_decompress_none.c.obj (.text:decompress:none:__TI_decompress_none)
                  00005426    0000000c     tm4c123gh6pm_startup_ccs.obj (.text)
                  00005432    0000000a     rtsv7M4_T_le_v4SPD16_eabi.lib : sprintf.c.obj (.text:_outc)
                  0000543c    00000008                                   : errno.c.obj (.text:__aeabi_errno_addr)
                  00005444    00000004                                   : pre_init.c.obj (.text:_system_pre_init)
                  00005448    00000004                                   : exit.c.obj (.text:abort:abort)

.const     0    0000544c    00000259     
                  0000544c    00000158     main.obj (.const:.string)
                  000055a4    00000101     rtsv7M4_T_le_v4SPD16_eabi.lib : ctype.c.obj (.const:.string:_ctypes_)

.cinit     0    000056a8    00000040     
                  000056a8    00000018     (.cinit..data.load) [load image, compression = lzss]
                  000056c0    0000000c     (__TI_handler_table)
                  000056cc    00000004     --HOLE-- [fill = 0]
                  000056d0    00000008     (.cinit..bss.load) [load image, compression = zero_init]
                  000056d8    00000010     (__TI_cinit_table)

.init_array 
*          0    00000000    00000000     UNINITIALIZED

.data      0    20001000    00000022     UNINITIALIZED
                  20001000    00000006     eth0.obj (.data:macAddress)
                  20001006    00000004     eth0.obj (.data)
                  2000100a    00000004     eth0.obj (.data:ipAddress)
                  2000100e    00000004     eeprom.obj (.data:ipAddressEEPROM)
                  20001012    00000004     eth0.obj (.data:ipGwAddress)
                  20001016    00000004     eth0.obj (.data:ipSubnetMask)
                  2000101a    00000002     eeprom.obj (.data)
                  2000101c    00000004     rtsv7M4_T_le_v4SPD16_eabi.lib : errno.c.obj (.data)
                  20001020    00000002     main.obj (.data)

.bss       0    20001022    00000001     UNINITIALIZED
                  20001022    00000001     (.common:currentStatus)

.stack     0    20000000    00001000     UNINITIALIZED
                  20000000    00000004     rtsv7M4_T_le_v4SPD16_eabi.lib : boot_cortex_m.c.obj (.stack)
                  20000004    00000ffc     --HOLE--

__llvm_prf_cnts 
*          0    20000000    00000000     UNINITIALIZED

MODULE SUMMARY

       Module                         code    ro data   rw data
       ------                         ----    -------   -------
    .\
       eth0.obj                       4312    0         22     
       eeprom.obj                     3256    0         7      
       main.obj                       1704    344       2      
       gpio.obj                       1984    0         0      
       Terminal_lnterface.obj         752     0         0      
       tm4c123gh6pm_startup_ccs.obj   12      620       0      
       ethernet.obj                   544     0         0      
       spi0.obj                       352     0         0      
       uart0.obj                      292     0         0      
       wait.obj                       36      0         0      
       clock.obj                      16      0         0      
    +--+------------------------------+-------+---------+---------+
       Total:                         13260   964       31     
                                                               
    E:\Program Files (x86)\Texas Insturments\CCS1010\ccs\tools\compiler\ti-cgt-arm_20.2.1.LTS\lib\rtsv7M4_T_le_v4SPD16_eabi.lib
       _printfi.c.obj                 4851    0         0      
       fd_add_t2.asm.obj              438     0         0      
       fd_div_t2.asm.obj              310     0         0      
       s_scalbn.c.obj                 272     0         0      
       fd_cmp_t2.asm.obj              268     0         0      
       ctype.c.obj                    0       257       0      
       fd_mul_t2.asm.obj              252     0         0      
       memcpy_t2.asm.obj              156     0         0      
       ull_div_t2.asm.obj             150     0         0      
       memset_t2.asm.obj              122     0         0      
       copy_decompress_lzss.c.obj     104     0         0      
       s_frexp.c.obj                  100     0         0      
       sprintf.c.obj                  98      0         0      
       _ltoa.c.obj                    84      0         0      
       atoi.c.obj                     76      0         0      
       fd_toi_t2.asm.obj              72      0         0      
       autoinit.c.obj                 68      0         0      
       boot_cortex_m.c.obj            52      0         0      
       i_tofd_t2.asm.obj              46      0         0      
       copy_zero_init.c.obj           28      0         0      
       memccpy.c.obj                  28      0         0      
       s_copysign.c.obj               26      0         0      
       strchr.c.obj                   22      0         0      
       strlen.c.obj                   20      0         0      
       wcslen.c.obj                   18      0         0      
       copy_decompress_none.c.obj     14      0         0      
       errno.c.obj                    8       0         4      
       exit.c.obj                     4       0         0      
       pre_init.c.obj                 4       0         0      
       div0.asm.obj                   2       0         0      
    +--+------------------------------+-------+---------+---------+
       Total:                         7693    257       4      
                                                               
       Stack:                         0       0         4096   
       Linker Generated:              0       60        0      
    +--+------------------------------+-------+---------+---------+
       Grand Total:                   20953   1281      4131   


LINKER GENERATED COPY TABLES

__TI_cinit_table @ 000056d8 records: 2, size/record: 8, table size: 16
	.data: load addr=000056a8, load size=00000018 bytes, run addr=20001000, run size=00000022 bytes, compression=lzss
	.bss: load addr=000056d0, load size=00000008 bytes, run addr=20001022, run size=00000001 bytes, compression=zero_init


LINKER GENERATED HANDLER TABLE

__TI_handler_table @ 000056c0 records: 3, size/record: 4, table size: 12
	index: 0, handler: __TI_decompress_lzss
	index: 1, handler: __TI_decompress_none
	index: 2, handler: __TI_zero_init


GLOBAL SYMBOLS: SORTED ALPHABETICALLY BY Name 

address   name                          
-------   ----                          
00005449  C$$EXIT                       
00005427  ResetISR                      
20001000  __STACK_END                   
00001000  __STACK_SIZE                  
20000200  __STACK_TOP                   
000056d8  __TI_CINIT_Base               
000056e8  __TI_CINIT_Limit              
000056c0  __TI_Handler_Table_Base       
000056cc  __TI_Handler_Table_Limit      
00005219  __TI_auto_init_nobinit_nopinit
00004fbd  __TI_decompress_lzss          
00005419  __TI_decompress_none          
000050df  __TI_ltoa                     
ffffffff  __TI_pprof_out_hndl           
00001ffd  __TI_printfi                  
ffffffff  __TI_prof_data_size           
ffffffff  __TI_prof_data_start          
00000000  __TI_static_base__            
00005363  __TI_zero_init_nomemset       
00004dc9  __aeabi_cdcmpeq               
00004dc9  __aeabi_cdcmple               
00004e4f  __aeabi_cdrcmple              
000051d1  __aeabi_d2iz                  
0000420f  __aeabi_dadd                  
00004659  __aeabi_ddiv                  
00004ae9  __aeabi_dmul                  
00004205  __aeabi_dsub                  
0000543d  __aeabi_errno_addr            
00005311  __aeabi_i2d                   
00002a4b  __aeabi_idiv0                 
00002a4b  __aeabi_ldiv0                 
00004ed5  __aeabi_memclr                
00004ed5  __aeabi_memclr4               
00004ed5  __aeabi_memclr8               
00004c97  __aeabi_memcpy                
00004c97  __aeabi_memcpy4               
00004c97  __aeabi_memcpy8               
00004ed7  __aeabi_memset                
00004ed7  __aeabi_memset4               
00004ed7  __aeabi_memset8               
00004d33  __aeabi_uldivmod              
ffffffff  __binit__                     
ffffffff  __c_args__                    
UNDEFED   __mpu_init                    
20000000  __stack                       
20000000  __start___llvm_prf_cnts       
20000000  __stop___llvm_prf_cnts        
000052dd  _c_int00_noargs               
000055a4  _ctypes_                      
UNDEFED   _system_post_cinit            
00005445  _system_pre_init              
00005449  abort                         
00005185  atoi                          
ffffffff  binit                         
00003287  clearBuffer                   
0000325d  clearScreen                   
00001c85  convert2binary                
0000539b  copysign                      
0000539b  copysignl                     
20001022  currentStatus                 
20001009  dhcpEnabled                   
0000307d  disablePinInterrupt           
00002db5  disablePinPulldown            
00002d6d  disablePinPullup              
00002b09  disablePort                   
00003e43  displayConnectionInfo         
00003059  enablePinInterrupt            
00002d91  enablePinPulldown             
00002d3f  enablePinPullup               
00002a4d  enablePort                    
00001555  eraseName                     
2000101c  errno                         
0000093d  etherCalcIpChecksum           
0000032b  etherClearReg                 
00000283  etherCsOff                    
0000026d  etherCsOn                     
000010e7  etherDisableDhcpMode          
000010df  etherEnableDhcpMode           
000010c9  etherGetId                    
00001159  etherGetIpAddress             
0000123d  etherGetIpGatewayAddress      
000011cb  etherGetIpSubnetMask          
000012b9  etherGetMacAddress            
000006a3  etherGetPacket                
00000efb  etherGetUdpData               
000010d5  etherIncId                    
00000477  etherInit                     
00000bd1  etherIsArpRequest             
00000659  etherIsDataAvailable          
000010ef  etherIsDhcpEnabled            
00000999  etherIsIp                     
00000a11  etherIsIpUnicast              
000010f5  etherIsIpValid                
0000063f  etherIsLinkUp                 
00000673  etherIsOverflow               
00000a75  etherIsPingRequest            
00000e53  etherIsUdp                    
00000795  etherPutPacket                
0000045f  etherReadMem                  
0000044d  etherReadMemStart             
0000046f  etherReadMemStop              
000003b3  etherReadPhy                  
000002c5  etherReadReg                  
00000d45  etherSendArpRequest           
00000c6f  etherSendArpResponse          
00000ac1  etherSendPingResponse         
00000f2d  etherSendUdpResponse          
0000035f  etherSetBank                  
00001121  etherSetIpAddress             
00001205  etherSetIpGatewayAddress      
00001193  etherSetIpSubnetMask          
00001277  etherSetMacAddress            
000002f7  etherSetReg                   
0000087b  etherSumWords                 
00000431  etherWriteMem                 
0000041f  etherWriteMemStart            
00000445  etherWriteMemStop             
0000037b  etherWritePhy                 
00000291  etherWriteReg                 
000013cb  findIndex                     
000015f1  flashEeprom                   
00005025  frexp                         
00005025  frexpl                        
00000000  g_pfnVectors                  
00000901  getEtherChecksum              
00003aef  getFieldInteger               
00003a7f  getFieldString                
00001edb  getInfo                       
000030c7  getPinValue                   
0000317d  getPortValue                  
00004987  getcUart0                     
000038db  getsUart0                     
00000975  htons                         
00001b49  infoIndex                     
00001d01  infoName                      
00001345  initEeprom                    
00003e15  initEthernet                  
000043bd  initSpi0                      
00005409  initSystemClockTo40Mhz        
000038b5  initTerminal                  
000048b5  initUart0                     
2000100a  ipAddress                     
2000100e  ipAddressEEPROM               
20001012  ipGwAddress                   
20001016  ipSubnetMask                  
00003b59  isCommand                     
2000101a  isIPset                       
20001021  isMQTT                        
2000101b  isMQTTset                     
0000499b  kbhitUart0                    
000049d9  ldexp                         
000049d9  ldexpl                        
0000182d  learnInstruction              
00001981  learnRule                     
00001d3f  listCommands                  
20001000  macAddress                    
00003319  main                          
0000537f  memccpy                       
00004c97  memcpy                        
00004edd  memset                        
20001006  nextPacketLsb                 
20001007  nextPacketMsb                 
0000393b  parseFields                   
00001ccd  printIP                       
0000493f  putcUart0                     
0000495b  putsUart0                     
000013a5  readEeprom                    
000044f5  readSpi0Data                  
00003305  reboot                        
000049d9  scalbn                        
000049d9  scalbnl                       
00002c73  selectPinAnalogInput          
00002c25  selectPinDigitalInput         
00002f8f  selectPinInterruptBothEdges   
00002f3f  selectPinInterruptFallingEdge 
00002fe5  selectPinInterruptHighLevel   
0000301f  selectPinInterruptLowLevel    
00002eef  selectPinInterruptRisingEdge  
00002bd7  selectPinOpenDrainOutput      
00002b89  selectPinPushPullOutput       
20001008  sequenceId                    
00002ddd  setPinAuxFunction             
00002cc3  setPinCommitControl           
000030a1  setPinValue                   
000030f9  setPortValue                  
00004459  setSpi0BaudRate               
0000448f  setSpi0Mode                   
000048ff  setUart0BaudRate              
0000525d  sprintf                       
0000150d  startupCheck                  
0000162d  storeIP                       
0000320d  strCompare                    
000053cd  strchr                        
000053e3  strlen                        
20001020  valid2                        
0000533f  waitMicrosecond               
000053f7  wcslen                        
0000135b  writeEeprom                   
000044dd  writeSpi0Data                 


GLOBAL SYMBOLS: SORTED BY Symbol Address 

address   name                          
-------   ----                          
00000000  __TI_static_base__            
00000000  g_pfnVectors                  
0000026d  etherCsOn                     
00000283  etherCsOff                    
00000291  etherWriteReg                 
000002c5  etherReadReg                  
000002f7  etherSetReg                   
0000032b  etherClearReg                 
0000035f  etherSetBank                  
0000037b  etherWritePhy                 
000003b3  etherReadPhy                  
0000041f  etherWriteMemStart            
00000431  etherWriteMem                 
00000445  etherWriteMemStop             
0000044d  etherReadMemStart             
0000045f  etherReadMem                  
0000046f  etherReadMemStop              
00000477  etherInit                     
0000063f  etherIsLinkUp                 
00000659  etherIsDataAvailable          
00000673  etherIsOverflow               
000006a3  etherGetPacket                
00000795  etherPutPacket                
0000087b  etherSumWords                 
00000901  getEtherChecksum              
0000093d  etherCalcIpChecksum           
00000975  htons                         
00000999  etherIsIp                     
00000a11  etherIsIpUnicast              
00000a75  etherIsPingRequest            
00000ac1  etherSendPingResponse         
00000bd1  etherIsArpRequest             
00000c6f  etherSendArpResponse          
00000d45  etherSendArpRequest           
00000e53  etherIsUdp                    
00000efb  etherGetUdpData               
00000f2d  etherSendUdpResponse          
00001000  __STACK_SIZE                  
000010c9  etherGetId                    
000010d5  etherIncId                    
000010df  etherEnableDhcpMode           
000010e7  etherDisableDhcpMode          
000010ef  etherIsDhcpEnabled            
000010f5  etherIsIpValid                
00001121  etherSetIpAddress             
00001159  etherGetIpAddress             
00001193  etherSetIpSubnetMask          
000011cb  etherGetIpSubnetMask          
00001205  etherSetIpGatewayAddress      
0000123d  etherGetIpGatewayAddress      
00001277  etherSetMacAddress            
000012b9  etherGetMacAddress            
00001345  initEeprom                    
0000135b  writeEeprom                   
000013a5  readEeprom                    
000013cb  findIndex                     
0000150d  startupCheck                  
00001555  eraseName                     
000015f1  flashEeprom                   
0000162d  storeIP                       
0000182d  learnInstruction              
00001981  learnRule                     
00001b49  infoIndex                     
00001c85  convert2binary                
00001ccd  printIP                       
00001d01  infoName                      
00001d3f  listCommands                  
00001edb  getInfo                       
00001ffd  __TI_printfi                  
00002a4b  __aeabi_idiv0                 
00002a4b  __aeabi_ldiv0                 
00002a4d  enablePort                    
00002b09  disablePort                   
00002b89  selectPinPushPullOutput       
00002bd7  selectPinOpenDrainOutput      
00002c25  selectPinDigitalInput         
00002c73  selectPinAnalogInput          
00002cc3  setPinCommitControl           
00002d3f  enablePinPullup               
00002d6d  disablePinPullup              
00002d91  enablePinPulldown             
00002db5  disablePinPulldown            
00002ddd  setPinAuxFunction             
00002eef  selectPinInterruptRisingEdge  
00002f3f  selectPinInterruptFallingEdge 
00002f8f  selectPinInterruptBothEdges   
00002fe5  selectPinInterruptHighLevel   
0000301f  selectPinInterruptLowLevel    
00003059  enablePinInterrupt            
0000307d  disablePinInterrupt           
000030a1  setPinValue                   
000030c7  getPinValue                   
000030f9  setPortValue                  
0000317d  getPortValue                  
0000320d  strCompare                    
0000325d  clearScreen                   
00003287  clearBuffer                   
00003305  reboot                        
00003319  main                          
000038b5  initTerminal                  
000038db  getsUart0                     
0000393b  parseFields                   
00003a7f  getFieldString                
00003aef  getFieldInteger               
00003b59  isCommand                     
00003e15  initEthernet                  
00003e43  displayConnectionInfo         
00004205  __aeabi_dsub                  
0000420f  __aeabi_dadd                  
000043bd  initSpi0                      
00004459  setSpi0BaudRate               
0000448f  setSpi0Mode                   
000044dd  writeSpi0Data                 
000044f5  readSpi0Data                  
00004659  __aeabi_ddiv                  
000048b5  initUart0                     
000048ff  setUart0BaudRate              
0000493f  putcUart0                     
0000495b  putsUart0                     
00004987  getcUart0                     
0000499b  kbhitUart0                    
000049d9  ldexp                         
000049d9  ldexpl                        
000049d9  scalbn                        
000049d9  scalbnl                       
00004ae9  __aeabi_dmul                  
00004c97  __aeabi_memcpy                
00004c97  __aeabi_memcpy4               
00004c97  __aeabi_memcpy8               
00004c97  memcpy                        
00004d33  __aeabi_uldivmod              
00004dc9  __aeabi_cdcmpeq               
00004dc9  __aeabi_cdcmple               
00004e4f  __aeabi_cdrcmple              
00004ed5  __aeabi_memclr                
00004ed5  __aeabi_memclr4               
00004ed5  __aeabi_memclr8               
00004ed7  __aeabi_memset                
00004ed7  __aeabi_memset4               
00004ed7  __aeabi_memset8               
00004edd  memset                        
00004fbd  __TI_decompress_lzss          
00005025  frexp                         
00005025  frexpl                        
000050df  __TI_ltoa                     
00005185  atoi                          
000051d1  __aeabi_d2iz                  
00005219  __TI_auto_init_nobinit_nopinit
0000525d  sprintf                       
000052dd  _c_int00_noargs               
00005311  __aeabi_i2d                   
0000533f  waitMicrosecond               
00005363  __TI_zero_init_nomemset       
0000537f  memccpy                       
0000539b  copysign                      
0000539b  copysignl                     
000053cd  strchr                        
000053e3  strlen                        
000053f7  wcslen                        
00005409  initSystemClockTo40Mhz        
00005419  __TI_decompress_none          
00005427  ResetISR                      
0000543d  __aeabi_errno_addr            
00005445  _system_pre_init              
00005449  C$$EXIT                       
00005449  abort                         
000055a4  _ctypes_                      
000056c0  __TI_Handler_Table_Base       
000056cc  __TI_Handler_Table_Limit      
000056d8  __TI_CINIT_Base               
000056e8  __TI_CINIT_Limit              
20000000  __stack                       
20000000  __start___llvm_prf_cnts       
20000000  __stop___llvm_prf_cnts        
20000200  __STACK_TOP                   
20001000  __STACK_END                   
20001000  macAddress                    
20001006  nextPacketLsb                 
20001007  nextPacketMsb                 
20001008  sequenceId                    
20001009  dhcpEnabled                   
2000100a  ipAddress                     
2000100e  ipAddressEEPROM               
20001012  ipGwAddress                   
20001016  ipSubnetMask                  
2000101a  isIPset                       
2000101b  isMQTTset                     
2000101c  errno                         
20001020  valid2                        
20001021  isMQTT                        
20001022  currentStatus                 
ffffffff  __TI_pprof_out_hndl           
ffffffff  __TI_prof_data_size           
ffffffff  __TI_prof_data_start          
ffffffff  __binit__                     
ffffffff  __c_args__                    
ffffffff  binit                         
UNDEFED   __mpu_init                    
UNDEFED   _system_post_cinit            

[199 symbols]
