******************************************************************************
                  TI ARM Linker PC v20.2.1                     
******************************************************************************
>> Linked Fri Feb 26 15:37:28 2021

OUTPUT FILE NAME:   <IoT_Project_1.out>
ENTRY POINT SYMBOL: "_c_int00_noargs"  address: 000053cd


MEMORY CONFIGURATION

         name            origin    length      used     unused   attr    fill
----------------------  --------  ---------  --------  --------  ----  --------
  FLASH                 00000000   00040000  000057d5  0003a82b  R  X
  SRAM                  20000000   00008000  00001023  00006fdd  RW X


SEGMENT ALLOCATION MAP

run origin  load origin   length   init length attrs members
----------  ----------- ---------- ----------- ----- -------
00000000    00000000    000057d8   000057d8    r-x
  00000000    00000000    0000026c   0000026c    r-- .intvecs
  0000026c    0000026c    000052d0   000052d0    r-x .text
  0000553c    0000553c    00000259   00000259    r-- .const
  00005798    00005798    00000040   00000040    r-- .cinit
20000000    20000000    00001023   00000000    rw-
  20000000    20000000    00001000   00000000    rw- .stack
  20001000    20001000    00000022   00000000    rw- .data
  20001022    20001022    00000001   00000000    rw- .bss


SECTION ALLOCATION MAP

 output                                  attributes/
section   page    origin      length       input sections
--------  ----  ----------  ----------   ----------------
.intvecs   0    00000000    0000026c     
                  00000000    0000026c     tm4c123gh6pm_startup_ccs.obj (.intvecs)

.text      0    0000026c    000052d0     
                  0000026c    000010d8     eth0.obj (.text)
                  00001344    00000ca4     eeprom.obj (.text)
                  00001fe8    00000a4e     rtsv7M4_T_le_v4SPD16_eabi.lib : _printfi.c.obj (.text:__TI_printfi)
                  00002a36    00000002                                   : div0.asm.obj (.text)
                  00002a38    000007c0     gpio.obj (.text)
                  000031f8    000007ac     main.obj (.text)
                  000039a4    000002f0     Terminal_lnterface.obj (.text)
                  00003c94    00000270     rtsv7M4_T_le_v4SPD16_eabi.lib : _printfi.c.obj (.text:_pconv_a)
                  00003f04    00000220     ethernet.obj (.text)
                  00004124    000001d0     rtsv7M4_T_le_v4SPD16_eabi.lib : _printfi.c.obj (.text:_pconv_g)
                  000042f4    000001b6                                   : fd_add_t2.asm.obj (.text)
                  000044aa    00000002     --HOLE-- [fill = 0]
                  000044ac    00000160     spi0.obj (.text)
                  0000460c    0000013c     rtsv7M4_T_le_v4SPD16_eabi.lib : _printfi.c.obj (.text:_pconv_e)
                  00004748    00000136                                   : fd_div_t2.asm.obj (.text)
                  0000487e    00000002     --HOLE-- [fill = 0]
                  00004880    00000124                                   : _printfi.c.obj (.text:fcvt)
                  000049a4    00000124     uart0.obj (.text)
                  00004ac8    00000110     rtsv7M4_T_le_v4SPD16_eabi.lib : s_scalbn.c.obj (.text:scalbn)
                  00004bd8    000000fc                                   : fd_mul_t2.asm.obj (.text)
                  00004cd4    000000b1                                   : _printfi.c.obj (.text:_ltostr)
                  00004d85    00000001     --HOLE-- [fill = 0]
                  00004d86    0000009c                                   : memcpy_t2.asm.obj (.text)
                  00004e22    00000096                                   : ull_div_t2.asm.obj (.text)
                  00004eb8    00000086                                   : fd_cmp_t2.asm.obj (.text:__aeabi_cdcmple)
                  00004f3e    00000086                                   : fd_cmp_t2.asm.obj (.text:__aeabi_cdrcmple)
                  00004fc4    0000007a                                   : memset_t2.asm.obj (.text)
                  0000503e    0000006e                                   : _printfi.c.obj (.text:_mcpy)
                  000050ac    00000068                                   : copy_decompress_lzss.c.obj (.text:decompress:lzss:__TI_decompress_lzss)
                  00005114    00000064                                   : s_frexp.c.obj (.text:frexp)
                  00005178    00000056                                   : _printfi.c.obj (.text:_pconv_f)
                  000051ce    00000054                                   : _ltoa.c.obj (.text:__TI_ltoa)
                  00005222    00000052                                   : _printfi.c.obj (.text:_ecpy)
                  00005274    0000004c                                   : atoi.c.obj (.text:atoi)
                  000052c0    00000048                                   : fd_toi_t2.asm.obj (.text)
                  00005308    00000044                                   : autoinit.c.obj (.text:__TI_auto_init_nobinit_nopinit:__TI_auto_init_nobinit_nopinit)
                  0000534c    00000040                                   : sprintf.c.obj (.text:sprintf)
                  0000538c    0000003e                                   : _printfi.c.obj (.text:_fcpy)
                  000053ca    00000002     --HOLE-- [fill = 0]
                  000053cc    00000034                                   : boot_cortex_m.c.obj (.text:_c_int00_noargs:_c_int00_noargs)
                  00005400    0000002e                                   : i_tofd_t2.asm.obj (.text)
                  0000542e    00000024     wait.obj (.text)
                  00005452    0000001c     rtsv7M4_T_le_v4SPD16_eabi.lib : copy_zero_init.c.obj (.text:decompress:ZI:__TI_zero_init_nomemset:__TI_zero_init_nomemset)
                  0000546e    0000001c                                   : memccpy.c.obj (.text:memccpy)
                  0000548a    0000001a                                   : s_copysign.c.obj (.text:copysign)
                  000054a4    00000018                                   : sprintf.c.obj (.text:_outs)
                  000054bc    00000016                                   : strchr.c.obj (.text:strchr)
                  000054d2    00000014                                   : strlen.c.obj (.text:strlen)
                  000054e6    00000012                                   : wcslen.c.obj (.text:wcslen)
                  000054f8    00000010     clock.obj (.text)
                  00005508    0000000e     rtsv7M4_T_le_v4SPD16_eabi.lib : copy_decompress_none.c.obj (.text:decompress:none:__TI_decompress_none)
                  00005516    0000000c     tm4c123gh6pm_startup_ccs.obj (.text)
                  00005522    0000000a     rtsv7M4_T_le_v4SPD16_eabi.lib : sprintf.c.obj (.text:_outc)
                  0000552c    00000008                                   : errno.c.obj (.text:__aeabi_errno_addr)
                  00005534    00000004                                   : pre_init.c.obj (.text:_system_pre_init)
                  00005538    00000004                                   : exit.c.obj (.text:abort:abort)

.const     0    0000553c    00000259     
                  0000553c    00000158     main.obj (.const:.string)
                  00005694    00000101     rtsv7M4_T_le_v4SPD16_eabi.lib : ctype.c.obj (.const:.string:_ctypes_)

.cinit     0    00005798    00000040     
                  00005798    00000018     (.cinit..data.load) [load image, compression = lzss]
                  000057b0    0000000c     (__TI_handler_table)
                  000057bc    00000004     --HOLE-- [fill = 0]
                  000057c0    00000008     (.cinit..bss.load) [load image, compression = zero_init]
                  000057c8    00000010     (__TI_cinit_table)

.init_array 
*          0    00000000    00000000     UNINITIALIZED

.data      0    20001000    00000022     UNINITIALIZED
                  20001000    00000006     eth0.obj (.data:macAddress)
                  20001006    00000004     eth0.obj (.data)
                  2000100a    00000004     eth0.obj (.data:ipAddress)
                  2000100e    00000004     eeprom.obj (.data:ipAddressEEPROM)
                  20001012    00000004     eth0.obj (.data:ipGwAddress)
                  20001016    00000004     eth0.obj (.data:ipSubnetMask)
                  2000101a    00000002     eeprom.obj (.data)
                  2000101c    00000004     rtsv7M4_T_le_v4SPD16_eabi.lib : errno.c.obj (.data)
                  20001020    00000002     main.obj (.data)

.bss       0    20001022    00000001     UNINITIALIZED
                  20001022    00000001     (.common:currentStatus)

.stack     0    20000000    00001000     UNINITIALIZED
                  20000000    00000004     rtsv7M4_T_le_v4SPD16_eabi.lib : boot_cortex_m.c.obj (.stack)
                  20000004    00000ffc     --HOLE--

__llvm_prf_cnts 
*          0    20000000    00000000     UNINITIALIZED

MODULE SUMMARY

       Module                         code    ro data   rw data
       ------                         ----    -------   -------
    .\
       eth0.obj                       4312    0         22     
       eeprom.obj                     3236    0         7      
       main.obj                       1964    344       2      
       gpio.obj                       1984    0         0      
       Terminal_lnterface.obj         752     0         0      
       tm4c123gh6pm_startup_ccs.obj   12      620       0      
       ethernet.obj                   544     0         0      
       spi0.obj                       352     0         0      
       uart0.obj                      292     0         0      
       wait.obj                       36      0         0      
       clock.obj                      16      0         0      
    +--+------------------------------+-------+---------+---------+
       Total:                         13500   964       31     
                                                               
    E:\Program Files (x86)\Texas Insturments\CCS1010\ccs\tools\compiler\ti-cgt-arm_20.2.1.LTS\lib\rtsv7M4_T_le_v4SPD16_eabi.lib
       _printfi.c.obj                 4851    0         0      
       fd_add_t2.asm.obj              438     0         0      
       fd_div_t2.asm.obj              310     0         0      
       s_scalbn.c.obj                 272     0         0      
       fd_cmp_t2.asm.obj              268     0         0      
       ctype.c.obj                    0       257       0      
       fd_mul_t2.asm.obj              252     0         0      
       memcpy_t2.asm.obj              156     0         0      
       ull_div_t2.asm.obj             150     0         0      
       memset_t2.asm.obj              122     0         0      
       copy_decompress_lzss.c.obj     104     0         0      
       s_frexp.c.obj                  100     0         0      
       sprintf.c.obj                  98      0         0      
       _ltoa.c.obj                    84      0         0      
       atoi.c.obj                     76      0         0      
       fd_toi_t2.asm.obj              72      0         0      
       autoinit.c.obj                 68      0         0      
       boot_cortex_m.c.obj            52      0         0      
       i_tofd_t2.asm.obj              46      0         0      
       copy_zero_init.c.obj           28      0         0      
       memccpy.c.obj                  28      0         0      
       s_copysign.c.obj               26      0         0      
       strchr.c.obj                   22      0         0      
       strlen.c.obj                   20      0         0      
       wcslen.c.obj                   18      0         0      
       copy_decompress_none.c.obj     14      0         0      
       errno.c.obj                    8       0         4      
       exit.c.obj                     4       0         0      
       pre_init.c.obj                 4       0         0      
       div0.asm.obj                   2       0         0      
    +--+------------------------------+-------+---------+---------+
       Total:                         7693    257       4      
                                                               
       Stack:                         0       0         4096   
       Linker Generated:              0       60        0      
    +--+------------------------------+-------+---------+---------+
       Grand Total:                   21193   1281      4131   


LINKER GENERATED COPY TABLES

__TI_cinit_table @ 000057c8 records: 2, size/record: 8, table size: 16
	.data: load addr=00005798, load size=00000018 bytes, run addr=20001000, run size=00000022 bytes, compression=lzss
	.bss: load addr=000057c0, load size=00000008 bytes, run addr=20001022, run size=00000001 bytes, compression=zero_init


LINKER GENERATED HANDLER TABLE

__TI_handler_table @ 000057b0 records: 3, size/record: 4, table size: 12
	index: 0, handler: __TI_decompress_lzss
	index: 1, handler: __TI_decompress_none
	index: 2, handler: __TI_zero_init


GLOBAL SYMBOLS: SORTED ALPHABETICALLY BY Name 

address   name                          
-------   ----                          
00005539  C$$EXIT                       
00005517  ResetISR                      
20001000  __STACK_END                   
00001000  __STACK_SIZE                  
20000200  __STACK_TOP                   
000057c8  __TI_CINIT_Base               
000057d8  __TI_CINIT_Limit              
000057b0  __TI_Handler_Table_Base       
000057bc  __TI_Handler_Table_Limit      
00005309  __TI_auto_init_nobinit_nopinit
000050ad  __TI_decompress_lzss          
00005509  __TI_decompress_none          
000051cf  __TI_ltoa                     
ffffffff  __TI_pprof_out_hndl           
00001fe9  __TI_printfi                  
ffffffff  __TI_prof_data_size           
ffffffff  __TI_prof_data_start          
00000000  __TI_static_base__            
00005453  __TI_zero_init_nomemset       
00004eb9  __aeabi_cdcmpeq               
00004eb9  __aeabi_cdcmple               
00004f3f  __aeabi_cdrcmple              
000052c1  __aeabi_d2iz                  
000042ff  __aeabi_dadd                  
00004749  __aeabi_ddiv                  
00004bd9  __aeabi_dmul                  
000042f5  __aeabi_dsub                  
0000552d  __aeabi_errno_addr            
00005401  __aeabi_i2d                   
00002a37  __aeabi_idiv0                 
00002a37  __aeabi_ldiv0                 
00004fc5  __aeabi_memclr                
00004fc5  __aeabi_memclr4               
00004fc5  __aeabi_memclr8               
00004d87  __aeabi_memcpy                
00004d87  __aeabi_memcpy4               
00004d87  __aeabi_memcpy8               
00004fc7  __aeabi_memset                
00004fc7  __aeabi_memset4               
00004fc7  __aeabi_memset8               
00004e23  __aeabi_uldivmod              
ffffffff  __binit__                     
ffffffff  __c_args__                    
UNDEFED   __mpu_init                    
20000000  __stack                       
20000000  __start___llvm_prf_cnts       
20000000  __stop___llvm_prf_cnts        
000053cd  _c_int00_noargs               
00005694  _ctypes_                      
UNDEFED   _system_post_cinit            
00005535  _system_pre_init              
00005539  abort                         
00005275  atoi                          
ffffffff  binit                         
00003273  clearBuffer                   
00003249  clearScreen                   
00001c71  convert2binary                
0000548b  copysign                      
0000548b  copysignl                     
20001022  currentStatus                 
20001009  dhcpEnabled                   
00003069  disablePinInterrupt           
00002da1  disablePinPulldown            
00002d59  disablePinPullup              
00002af5  disablePort                   
00003f33  displayConnectionInfo         
00003045  enablePinInterrupt            
00002d7d  enablePinPulldown             
00002d2b  enablePinPullup               
00002a39  enablePort                    
00001541  eraseName                     
2000101c  errno                         
0000093d  etherCalcIpChecksum           
0000032b  etherClearReg                 
00000283  etherCsOff                    
0000026d  etherCsOn                     
000010e7  etherDisableDhcpMode          
000010df  etherEnableDhcpMode           
000010c9  etherGetId                    
00001159  etherGetIpAddress             
0000123d  etherGetIpGatewayAddress      
000011cb  etherGetIpSubnetMask          
000012b9  etherGetMacAddress            
000006a3  etherGetPacket                
00000efb  etherGetUdpData               
000010d5  etherIncId                    
00000477  etherInit                     
00000bd1  etherIsArpRequest             
00000659  etherIsDataAvailable          
000010ef  etherIsDhcpEnabled            
00000999  etherIsIp                     
00000a11  etherIsIpUnicast              
000010f5  etherIsIpValid                
0000063f  etherIsLinkUp                 
00000673  etherIsOverflow               
00000a75  etherIsPingRequest            
00000e53  etherIsUdp                    
00000795  etherPutPacket                
0000045f  etherReadMem                  
0000044d  etherReadMemStart             
0000046f  etherReadMemStop              
000003b3  etherReadPhy                  
000002c5  etherReadReg                  
00000d45  etherSendArpRequest           
00000c6f  etherSendArpResponse          
00000ac1  etherSendPingResponse         
00000f2d  etherSendUdpResponse          
0000035f  etherSetBank                  
00001121  etherSetIpAddress             
00001205  etherSetIpGatewayAddress      
00001193  etherSetIpSubnetMask          
00001277  etherSetMacAddress            
000002f7  etherSetReg                   
0000087b  etherSumWords                 
00000431  etherWriteMem                 
0000041f  etherWriteMemStart            
00000445  etherWriteMemStop             
0000037b  etherWritePhy                 
00000291  etherWriteReg                 
000013b3  findIndex                     
000015dd  flashEeprom                   
00005115  frexp                         
00005115  frexpl                        
00000000  g_pfnVectors                  
00000901  getEtherChecksum              
00003bdf  getFieldInteger               
00003b6f  getFieldString                
00001ec7  getInfo                       
000030b3  getPinValue                   
00003169  getPortValue                  
00004a77  getcUart0                     
000039cb  getsUart0                     
00000975  htons                         
00001b35  infoIndex                     
00001ced  infoName                      
00001345  initEeprom                    
00003f05  initEthernet                  
000044ad  initSpi0                      
000054f9  initSystemClockTo40Mhz        
000039a5  initTerminal                  
000049a5  initUart0                     
2000100a  ipAddress                     
2000100e  ipAddressEEPROM               
20001012  ipGwAddress                   
20001016  ipSubnetMask                  
00003c49  isCommand                     
2000101a  isIPset                       
20001021  isMQTT                        
2000101b  isMQTTset                     
00004a8b  kbhitUart0                    
00004ac9  ldexp                         
00004ac9  ldexpl                        
00001815  learnInstruction              
00001969  learnRule                     
00001d2b  listCommands                  
20001000  macAddress                    
00003305  main                          
0000546f  memccpy                       
00004d87  memcpy                        
00004fcd  memset                        
20001006  nextPacketLsb                 
20001007  nextPacketMsb                 
00003a2b  parseFields                   
00001cb9  printIP                       
00004a2f  putcUart0                     
00004a4b  putsUart0                     
0000138d  readEeprom                    
000045e5  readSpi0Data                  
000032f1  reboot                        
00004ac9  scalbn                        
00004ac9  scalbnl                       
00002c5f  selectPinAnalogInput          
00002c11  selectPinDigitalInput         
00002f7b  selectPinInterruptBothEdges   
00002f2b  selectPinInterruptFallingEdge 
00002fd1  selectPinInterruptHighLevel   
0000300b  selectPinInterruptLowLevel    
00002edb  selectPinInterruptRisingEdge  
00002bc3  selectPinOpenDrainOutput      
00002b75  selectPinPushPullOutput       
20001008  sequenceId                    
00002dc9  setPinAuxFunction             
00002caf  setPinCommitControl           
0000308d  setPinValue                   
000030e5  setPortValue                  
00004549  setSpi0BaudRate               
0000457f  setSpi0Mode                   
000049ef  setUart0BaudRate              
0000534d  sprintf                       
000014f5  startupCheck                  
00001615  storeIP                       
000031f9  strCompare                    
000054bd  strchr                        
000054d3  strlen                        
20001020  valid2                        
0000542f  waitMicrosecond               
000054e7  wcslen                        
0000135b  writeEeprom                   
000045cd  writeSpi0Data                 


GLOBAL SYMBOLS: SORTED BY Symbol Address 

address   name                          
-------   ----                          
00000000  __TI_static_base__            
00000000  g_pfnVectors                  
0000026d  etherCsOn                     
00000283  etherCsOff                    
00000291  etherWriteReg                 
000002c5  etherReadReg                  
000002f7  etherSetReg                   
0000032b  etherClearReg                 
0000035f  etherSetBank                  
0000037b  etherWritePhy                 
000003b3  etherReadPhy                  
0000041f  etherWriteMemStart            
00000431  etherWriteMem                 
00000445  etherWriteMemStop             
0000044d  etherReadMemStart             
0000045f  etherReadMem                  
0000046f  etherReadMemStop              
00000477  etherInit                     
0000063f  etherIsLinkUp                 
00000659  etherIsDataAvailable          
00000673  etherIsOverflow               
000006a3  etherGetPacket                
00000795  etherPutPacket                
0000087b  etherSumWords                 
00000901  getEtherChecksum              
0000093d  etherCalcIpChecksum           
00000975  htons                         
00000999  etherIsIp                     
00000a11  etherIsIpUnicast              
00000a75  etherIsPingRequest            
00000ac1  etherSendPingResponse         
00000bd1  etherIsArpRequest             
00000c6f  etherSendArpResponse          
00000d45  etherSendArpRequest           
00000e53  etherIsUdp                    
00000efb  etherGetUdpData               
00000f2d  etherSendUdpResponse          
00001000  __STACK_SIZE                  
000010c9  etherGetId                    
000010d5  etherIncId                    
000010df  etherEnableDhcpMode           
000010e7  etherDisableDhcpMode          
000010ef  etherIsDhcpEnabled            
000010f5  etherIsIpValid                
00001121  etherSetIpAddress             
00001159  etherGetIpAddress             
00001193  etherSetIpSubnetMask          
000011cb  etherGetIpSubnetMask          
00001205  etherSetIpGatewayAddress      
0000123d  etherGetIpGatewayAddress      
00001277  etherSetMacAddress            
000012b9  etherGetMacAddress            
00001345  initEeprom                    
0000135b  writeEeprom                   
0000138d  readEeprom                    
000013b3  findIndex                     
000014f5  startupCheck                  
00001541  eraseName                     
000015dd  flashEeprom                   
00001615  storeIP                       
00001815  learnInstruction              
00001969  learnRule                     
00001b35  infoIndex                     
00001c71  convert2binary                
00001cb9  printIP                       
00001ced  infoName                      
00001d2b  listCommands                  
00001ec7  getInfo                       
00001fe9  __TI_printfi                  
00002a37  __aeabi_idiv0                 
00002a37  __aeabi_ldiv0                 
00002a39  enablePort                    
00002af5  disablePort                   
00002b75  selectPinPushPullOutput       
00002bc3  selectPinOpenDrainOutput      
00002c11  selectPinDigitalInput         
00002c5f  selectPinAnalogInput          
00002caf  setPinCommitControl           
00002d2b  enablePinPullup               
00002d59  disablePinPullup              
00002d7d  enablePinPulldown             
00002da1  disablePinPulldown            
00002dc9  setPinAuxFunction             
00002edb  selectPinInterruptRisingEdge  
00002f2b  selectPinInterruptFallingEdge 
00002f7b  selectPinInterruptBothEdges   
00002fd1  selectPinInterruptHighLevel   
0000300b  selectPinInterruptLowLevel    
00003045  enablePinInterrupt            
00003069  disablePinInterrupt           
0000308d  setPinValue                   
000030b3  getPinValue                   
000030e5  setPortValue                  
00003169  getPortValue                  
000031f9  strCompare                    
00003249  clearScreen                   
00003273  clearBuffer                   
000032f1  reboot                        
00003305  main                          
000039a5  initTerminal                  
000039cb  getsUart0                     
00003a2b  parseFields                   
00003b6f  getFieldString                
00003bdf  getFieldInteger               
00003c49  isCommand                     
00003f05  initEthernet                  
00003f33  displayConnectionInfo         
000042f5  __aeabi_dsub                  
000042ff  __aeabi_dadd                  
000044ad  initSpi0                      
00004549  setSpi0BaudRate               
0000457f  setSpi0Mode                   
000045cd  writeSpi0Data                 
000045e5  readSpi0Data                  
00004749  __aeabi_ddiv                  
000049a5  initUart0                     
000049ef  setUart0BaudRate              
00004a2f  putcUart0                     
00004a4b  putsUart0                     
00004a77  getcUart0                     
00004a8b  kbhitUart0                    
00004ac9  ldexp                         
00004ac9  ldexpl                        
00004ac9  scalbn                        
00004ac9  scalbnl                       
00004bd9  __aeabi_dmul                  
00004d87  __aeabi_memcpy                
00004d87  __aeabi_memcpy4               
00004d87  __aeabi_memcpy8               
00004d87  memcpy                        
00004e23  __aeabi_uldivmod              
00004eb9  __aeabi_cdcmpeq               
00004eb9  __aeabi_cdcmple               
00004f3f  __aeabi_cdrcmple              
00004fc5  __aeabi_memclr                
00004fc5  __aeabi_memclr4               
00004fc5  __aeabi_memclr8               
00004fc7  __aeabi_memset                
00004fc7  __aeabi_memset4               
00004fc7  __aeabi_memset8               
00004fcd  memset                        
000050ad  __TI_decompress_lzss          
00005115  frexp                         
00005115  frexpl                        
000051cf  __TI_ltoa                     
00005275  atoi                          
000052c1  __aeabi_d2iz                  
00005309  __TI_auto_init_nobinit_nopinit
0000534d  sprintf                       
000053cd  _c_int00_noargs               
00005401  __aeabi_i2d                   
0000542f  waitMicrosecond               
00005453  __TI_zero_init_nomemset       
0000546f  memccpy                       
0000548b  copysign                      
0000548b  copysignl                     
000054bd  strchr                        
000054d3  strlen                        
000054e7  wcslen                        
000054f9  initSystemClockTo40Mhz        
00005509  __TI_decompress_none          
00005517  ResetISR                      
0000552d  __aeabi_errno_addr            
00005535  _system_pre_init              
00005539  C$$EXIT                       
00005539  abort                         
00005694  _ctypes_                      
000057b0  __TI_Handler_Table_Base       
000057bc  __TI_Handler_Table_Limit      
000057c8  __TI_CINIT_Base               
000057d8  __TI_CINIT_Limit              
20000000  __stack                       
20000000  __start___llvm_prf_cnts       
20000000  __stop___llvm_prf_cnts        
20000200  __STACK_TOP                   
20001000  __STACK_END                   
20001000  macAddress                    
20001006  nextPacketLsb                 
20001007  nextPacketMsb                 
20001008  sequenceId                    
20001009  dhcpEnabled                   
2000100a  ipAddress                     
2000100e  ipAddressEEPROM               
20001012  ipGwAddress                   
20001016  ipSubnetMask                  
2000101a  isIPset                       
2000101b  isMQTTset                     
2000101c  errno                         
20001020  valid2                        
20001021  isMQTT                        
20001022  currentStatus                 
ffffffff  __TI_pprof_out_hndl           
ffffffff  __TI_prof_data_size           
ffffffff  __TI_prof_data_start          
ffffffff  __binit__                     
ffffffff  __c_args__                    
ffffffff  binit                         
UNDEFED   __mpu_init                    
UNDEFED   _system_post_cinit            

[199 symbols]
